########## BATCH 0: oude losse mp3 verwijderen ##########
Current branch main is up to date.
To https://github.com/kleine-ark/website-open-bijbelvertaling.git
   a701b847a..da3a1455e  main -> main
   push poging 1 OK
########## BATCH 1: bestanden 1-100 van 640 ##########
Current branch main is up to date.
To https://github.com/kleine-ark/website-open-bijbelvertaling.git
   da3a1455e..031083542  main -> main
   push poging 1 OK
########## BATCH 2: bestanden 101-200 van 640 ##########
Current branch main is up to date.
To https://github.com/kleine-ark/website-open-bijbelvertaling.git
   031083542..4f827eae5  main -> main
   push poging 1 OK
########## BATCH 3: bestanden 201-300 van 640 ##########
Current branch main is up to date.
To https://github.com/kleine-ark/website-open-bijbelvertaling.git
   4f827eae5..62a4c0412  main -> main
   push poging 1 OK
########## BATCH 4: bestanden 301-400 van 640 ##########
Current branch main is up to date.
To https://github.com/kleine-ark/website-open-bijbelvertaling.git
   62a4c0412..719e39a20  main -> main
   push poging 1 OK
########## BATCH 5: bestanden 401-500 van 640 ##########
Current branch main is up to date.
To https://github.com/kleine-ark/website-open-bijbelvertaling.git
   719e39a20..975f754ff  main -> main
   push poging 1 OK
########## BATCH 6: bestanden 501-600 van 640 ##########
Current branch main is up to date.
To https://github.com/kleine-ark/website-open-bijbelvertaling.git
   975f754ff..0ea3a2e7e  main -> main
   push poging 1 OK
########## BATCH 7: bestanden 601-640 van 640 ##########
Current branch main is up to date.
To https://github.com/kleine-ark/website-open-bijbelvertaling.git
   0ea3a2e7e..acc90a20a  main -> main
   push poging 1 OK
########## ALLE AUDIO-BATCHES GEPUSHT ##########
Remote -m/-v: 640/640
