Server starten: /home/maarten/Documents/GitHub/website-open-bijbelvertaling/.venv-higgs-v3/bin/sgl-omni serve --model-path bosonai/higgs-audio-v3-tts-4b --port 8765 --host 127.0.0.1 --model-name higgs-audio-v3-tts
Wachten op server (max 360s)...
[server] WARNING:sglang_omni.models.higgs_tts._vendored.higgs_audio_v2_tokenizer_hf:Could not determine semantic model type from config architecture. Defaulting to `HubertConfig`.
[server] WARNING:sglang.srt.models.registry:Ignore import error when loading sglang.srt.models.glmasr: cannot import name 'GlmAsrConfig' from 'transformers' (/home/maarten/Documents/GitHub/website-open-bijbelvertaling/.venv-higgs-v3/lib/python3.12/site-packages/transformers/__init__.py)
[server] [Gloo] Rank 0 is connected to 0 peer ranks. Expected number of connected peer ranks is : 0
[server] [Gloo] Rank 0 is connected to 0 peer ranks. Expected number of connected peer ranks is : 0
[server] [Gloo] Rank 0 is connected to 0 peer ranks. Expected number of connected peer ranks is : 0
[server] [Gloo] Rank 0 is connected to 0 peer ranks. Expected number of connected peer ranks is : 0
[server] 
[server] Loading safetensors checkpoint shards:   0% Completed | 0/1 [00:00<?, ?it/s]
[server] 
[server] Loading safetensors checkpoint shards: 100% Completed | 1/1 [00:00<00:00,  8.39it/s]
Server luistert op poort.

=== genesis 2 stem m (25 verzen) ===
  intro (2.93s)
  h1 kopje (2.26s)
  v1 (4.46s)
  v2 (11.02s)
  v3 (11.26s)
  h4 kopje (2.21s)
  v4 (godsnaam) ov=8.62 klassiek=9.29 jehovah=9.22 jhwh=9.82
  v5 (godsnaam) ov=15.14 klassiek=15.98 jehovah=16.3 jhwh=15.62
  v6 (5.78s)
  v7 (godsnaam) ov=10.94 klassiek=10.7 jehovah=10.18 jhwh=10.1
  v8 (godsnaam) ov=8.26 klassiek=8.38 jehovah=8.74 jhwh=8.57
  v9 (godsnaam) ov=15.5 klassiek=14.3 jehovah=14.78 jhwh=13.85
  v10 (9.02s)
  v11 (8.3s)
  v12 (5.86s)
  v13 (7.22s)
  v14 (8.74s)
  v15 (godsnaam) ov=7.78 klassiek=7.7 jehovah=7.25 jhwh=7.46
  v16 (godsnaam) ov=7.34 klassiek=6.62 jehovah=7.1 jhwh=6.98
  v17 (11.06s)
  h18 kopje (2.02s)
  v18 (godsnaam) ov=9.77 klassiek=10.01 jehovah=9.58 jhwh=8.38
  v19 (godsnaam) ov=17.26 klassiek=16.34 jehovah=18.02 jhwh=17.38
  v20 (13.66s)
  v21 (godsnaam) ov=9.7 klassiek=9.77 jehovah=10.49 jhwh=9.89
  v22 (godsnaam) ov=7.78 klassiek=7.42 jehovah=7.94 jhwh=7.3
  v23 (10.7s)
  v24 (8.06s)
  v25 (5.33s)
  manifest.json (29 segmenten)

Klaar.
===== PILOT gen2/m KLAAR =====
