===== NT CHUNKED START Sun Jul 19 03:17:30 PM CEST 2026 — 260 hfst/stem =====
########## STEM m ##########
[sup] NT/m: 21/260 (15:17)
[sup] NT/m: 42/260 (16:04)
[sup] NT/m: 59/260 (16:50)
[sup] NT/m: 75/260 (17:38)
[sup] NT/m: 92/260 (18:25)
[sup] NT/m: 113/260 (19:16)
[sup] NT/m: 142/260 (20:04)
[sup] NT/m: 173/260 (20:51)
[sup] NT/m: 210/260 (21:36)
[sup] NT/m: 243/260 (22:27)
[sup] NT/m: 260/260 (22:51)
[sup] m KLAAR
########## STEM v ##########
[sup] NT/v: 21/260 (22:51)
[sup] NT/v: 42/260 (23:31)
[sup] NT/v: 59/260 (00:12)
[sup] NT/v: 75/260 (00:53)
[sup] NT/v: 92/260 (01:32)
[sup] NT/v: 113/260 (02:15)
[sup] NT/v: 142/260 (02:57)
[sup] NT/v: 173/260 (03:36)
[sup] NT/v: 210/260 (04:16)
[sup] NT/v: 243/260 (04:59)
[sup] NT/v: 260/260 (05:19)
[sup] v KLAAR
===== NT CHUNKED KLAAR Mon Jul 20 05:19:16 AM CEST 2026 =====
m: 260/260  v: 260/260
